#-----------------------------------------------------------
# Vivado v2023.1 (64-bit)
# SW Build 3865809 on Sun May  7 15:05:29 MDT 2023
# IP Build 3864474 on Sun May  7 20:36:21 MDT 2023
# SharedData Build 3865790 on Sun May 07 13:33:03 MDT 2023
# Start of session at: Wed Feb  7 23:31:57 2024
# Process ID: 1596
# Current directory: D:/Emphasis_B/Labs/Lab_5/Lab_5_Exercise_1/Lab_5_Exercise_1.runs/synth_1
# Command line: vivado.exe -log pmod_design_with_uart_wrapper.vds -product Vivado -mode batch -messageDb vivado.pb -notrace -source pmod_design_with_uart_wrapper.tcl
# Log file: D:/Emphasis_B/Labs/Lab_5/Lab_5_Exercise_1/Lab_5_Exercise_1.runs/synth_1/pmod_design_with_uart_wrapper.vds
# Journal file: D:/Emphasis_B/Labs/Lab_5/Lab_5_Exercise_1/Lab_5_Exercise_1.runs/synth_1\vivado.jou
# Running On: Moataz, OS: Windows, CPU Frequency: 1690 MHz, CPU Physical cores: 4, Host memory: 16889 MB
#-----------------------------------------------------------
source pmod_design_with_uart_wrapper.tcl -notrace
