Nothing to build in platform 'platform_project'

01:13:10 **** Build of configuration Debug for project application_project ****
make all 
'Building file: ../src/main.c'
'Invoking: MicroBlaze gcc compiler'
mb-gcc -Wall -O0 -g3 -c -fmessage-length=0 -MT"src/main.o" -ID:/Emphasis_B/Labs/Lab_6/Lab_6_Exercise_1_Vitis_Workspace/platform_project/export/platform_project/sw/platform_project/standalone_domain/bspinclude/include -mlittle-endian -mcpu=v11.0 -mxl-soft-mul -Wl,--no-relax -ffunction-sections -fdata-sections -MMD -MP -MF"src/main.d" -MT"src/main.o" -o "src/main.o" "../src/main.c"
'Finished building: ../src/main.c'
' '
'Building file: ../src/platform.c'
'Invoking: MicroBlaze gcc compiler'
mb-gcc -Wall -O0 -g3 -c -fmessage-length=0 -MT"src/platform.o" -ID:/Emphasis_B/Labs/Lab_6/Lab_6_Exercise_1_Vitis_Workspace/platform_project/export/platform_project/sw/platform_project/standalone_domain/bspinclude/include -mlittle-endian -mcpu=v11.0 -mxl-soft-mul -Wl,--no-relax -ffunction-sections -fdata-sections -MMD -MP -MF"src/platform.d" -MT"src/platform.o" -o "src/platform.o" "../src/platform.c"
'Finished building: ../src/platform.c'
' '
'Building target: application_project.elf'
'Invoking: MicroBlaze gcc linker'
mb-gcc -Wl,-T -Wl,../src/lscript.ld -LD:/Emphasis_B/Labs/Lab_6/Lab_6_Exercise_1_Vitis_Workspace/platform_project/export/platform_project/sw/platform_project/standalone_domain/bsplib/lib -mlittle-endian -mcpu=v11.0 -mxl-soft-mul -Wl,--no-relax -Wl,--gc-sections -o "application_project.elf"  ./src/main.o ./src/platform.o   -Wl,--start-group,-lxil,-lgcc,-lc,--end-group
'Finished building target: application_project.elf'
' '
'Invoking: MicroBlaze Print Size'
mb-size application_project.elf  |tee "application_project.elf.size"
   text	   data	    bss	    dec	    hex	filename
   3744	    340	   3132	   7216	   1c30	application_project.elf
'Finished building: application_project.elf.size'
' '
01:13:13 **** Build of configuration Debug for project application_project_system ****
make all 
Skipping SD card image generation. Reason: "The system project only has applications for microblaze processors."
