Nothing to build in platform 'platform_project'

01:34:19 **** Incremental Build of configuration Debug for project application_project ****
make all 
'Building file: ../src/main.c'
'Invoking: MicroBlaze gcc compiler'
mb-gcc -Wall -O0 -g3 -c -fmessage-length=0 -MT"src/main.o" -ID:/Emphasis_B/Labs/Lab_6/Lab_6_Exercise_2_Vitis_Workspace/platform_project/export/platform_project/sw/platform_project/standalone_domain/bspinclude/include -mlittle-endian -mcpu=v11.0 -mxl-soft-mul -Wl,--no-relax -ffunction-sections -fdata-sections -MMD -MP -MF"src/main.d" -MT"src/main.o" -o "src/main.o" "../src/main.c"
In file included from ../src/xiic.h:323,
                 from ../src/PmodTMP3.h:29,
                 from ../src/main.c:6:
../src/main.c: In function 'AppInitialize':
D:/Emphasis_B/Labs/Lab_6/Lab_6_Exercise_2_Vitis_Workspace/platform_project/export/platform_project/sw/platform_project/standalone_domain/bspinclude/include/xstatus.h:44:41: warning: 'return' with a value, in function returning void [-Wreturn-type]
   44 | #define XST_FAILURE                     1L
      |                                         ^~
../src/main.c:46:15: note: in expansion of macro 'XST_FAILURE'
   46 |        return XST_FAILURE;
      |               ^~~~~~~~~~~
../src/main.c:33:6: note: declared here
   33 | void AppInitialize() {
      |      ^~~~~~~~~~~~~
'Finished building: ../src/main.c'
' '
'Building target: application_project.elf'
'Invoking: MicroBlaze gcc linker'
mb-gcc -Wl,-T -Wl,../src/lscript.ld -LD:/Emphasis_B/Labs/Lab_6/Lab_6_Exercise_2_Vitis_Workspace/platform_project/export/platform_project/sw/platform_project/standalone_domain/bsplib/lib -mlittle-endian -mcpu=v11.0 -mxl-soft-mul -Wl,--no-relax -Wl,--gc-sections -o "application_project.elf"  ./src/PmodTMP3.o ./src/main.o ./src/platform.o ./src/xiic.o ./src/xiic_dyn_master.o ./src/xiic_intr.o ./src/xiic_l.o ./src/xiic_master.o ./src/xiic_multi_master.o ./src/xiic_options.o ./src/xiic_selftest.o ./src/xiic_slave.o ./src/xiic_stats.o   -Wl,--start-group,-lxil,-lgcc,-lc,--end-group
'Finished building target: application_project.elf'
' '
'Invoking: MicroBlaze Print Size'
mb-size application_project.elf  |tee "application_project.elf.size"
   text	   data	    bss	    dec	    hex	filename
  25288	    364	   3236	  28888	   70d8	application_project.elf
'Finished building: application_project.elf.size'
' '
01:34:20 **** Incremental Build of configuration Debug for project application_project_system ****
make all 
Skipping SD card image generation. Reason: "The system project only has applications for microblaze processors."
