#-----------------------------------------------------------
# Vivado v2023.1 (64-bit)
# SW Build 3865809 on Sun May  7 15:05:29 MDT 2023
# IP Build 3864474 on Sun May  7 20:36:21 MDT 2023
# SharedData Build 3865790 on Sun May 07 13:33:03 MDT 2023
# Start of session at: Sat Feb  3 11:20:39 2024
# Process ID: 10152
# Current directory: C:/Users/a/Desktop/MoatazProject/project_1/project_1.runs/pmod_design_with_uart_microblaze_0_axi_intc_0_synth_1
# Command line: vivado.exe -log pmod_design_with_uart_microblaze_0_axi_intc_0.vds -product Vivado -mode batch -messageDb vivado.pb -notrace -source pmod_design_with_uart_microblaze_0_axi_intc_0.tcl
# Log file: C:/Users/a/Desktop/MoatazProject/project_1/project_1.runs/pmod_design_with_uart_microblaze_0_axi_intc_0_synth_1/pmod_design_with_uart_microblaze_0_axi_intc_0.vds
# Journal file: C:/Users/a/Desktop/MoatazProject/project_1/project_1.runs/pmod_design_with_uart_microblaze_0_axi_intc_0_synth_1\vivado.jou
# Running On: Emirkan, OS: Windows, CPU Frequency: 3792 MHz, CPU Physical cores: 8, Host memory: 34277 MB
#-----------------------------------------------------------
source pmod_design_with_uart_microblaze_0_axi_intc_0.tcl -notrace
